18:14:35 **** Incremental Build of configuration Debug for project Microblaze_GPIO_LED ****
make all 
'Building file: ../src/Microblaze_GPIO_LED.c'
'Invoking: MicroBlaze gcc compiler'
mb-gcc -Wall -O0 -g3 -c -fmessage-length=0 -MT"src/Microblaze_GPIO_LED.o" -IC:/HLS_Design/Microblaze_GPIO/workspace/Microblaze_GPIO/export/Microblaze_GPIO/sw/Microblaze_GPIO/standalone_domain/bspinclude/include -mno-xl-reorder -mlittle-endian -mxl-barrel-shift -mxl-pattern-compare -mcpu=v11.0 -mno-xl-soft-mul -Wl,--no-relax -ffunction-sections -fdata-sections -MMD -MP -MF"src/Microblaze_GPIO_LED.d" -MT"src/Microblaze_GPIO_LED.o" -o "src/Microblaze_GPIO_LED.o" "../src/Microblaze_GPIO_LED.c"
'Finished building: ../src/Microblaze_GPIO_LED.c'
' '
'Building target: Microblaze_GPIO_LED.elf'
'Invoking: MicroBlaze gcc linker'
mb-gcc -Wl,-T -Wl,../src/lscript.ld -LC:/HLS_Design/Microblaze_GPIO/workspace/Microblaze_GPIO/export/Microblaze_GPIO/sw/Microblaze_GPIO/standalone_domain/bsplib/lib -mlittle-endian -mxl-barrel-shift -mxl-pattern-compare -mcpu=v11.0 -mno-xl-soft-mul -Wl,--no-relax -Wl,--gc-sections -o "Microblaze_GPIO_LED.elf"  ./src/Microblaze_GPIO_LED.o ./src/platform.o   -Wl,--start-group,-lxil,-lgcc,-lc,--end-group
'Finished building target: Microblaze_GPIO_LED.elf'
' '
'Invoking: MicroBlaze Print Size'
mb-size Microblaze_GPIO_LED.elf  |tee "Microblaze_GPIO_LED.elf.size"
   text	   data	    bss	    dec	    hex	filename
   3788	    356	   3120	   7264	   1c60	Microblaze_GPIO_LED.elf
'Finished building: Microblaze_GPIO_LED.elf.size'
' '

18:14:37 Build Finished (took 1s.505ms)

