21:43:23 **** Incremental Build of configuration Debug for project Microblaze_GPIO_Interrupt_example ****
make all 
'Building file: ../src/Microblaze_GPIO_Interrupt_Example.c'
'Invoking: MicroBlaze gcc compiler'
mb-gcc -Wall -O0 -g3 -c -fmessage-length=0 -MT"src/Microblaze_GPIO_Interrupt_Example.o" -IC:/HLS_Design/Vitis-FPGA/Microblaze_GPIO_Interrupt/workspace/Microblaze_GPIO_Interrupt/export/Microblaze_GPIO_Interrupt/sw/Microblaze_GPIO_Interrupt/standalone_domain/bspinclude/include -mno-xl-reorder -mlittle-endian -mxl-barrel-shift -mxl-pattern-compare -mcpu=v11.0 -mno-xl-soft-mul -Wl,--no-relax -ffunction-sections -fdata-sections -MMD -MP -MF"src/Microblaze_GPIO_Interrupt_Example.d" -MT"src/Microblaze_GPIO_Interrupt_Example.o" -o "src/Microblaze_GPIO_Interrupt_Example.o" "../src/Microblaze_GPIO_Interrupt_Example.c"
'Finished building: ../src/Microblaze_GPIO_Interrupt_Example.c'
' '
'Building target: Microblaze_GPIO_Interrupt_example.elf'
'Invoking: MicroBlaze gcc linker'
mb-gcc -Wl,-T -Wl,../src/lscript.ld -LC:/HLS_Design/Vitis-FPGA/Microblaze_GPIO_Interrupt/workspace/Microblaze_GPIO_Interrupt/export/Microblaze_GPIO_Interrupt/sw/Microblaze_GPIO_Interrupt/standalone_domain/bsplib/lib -mlittle-endian -mxl-barrel-shift -mxl-pattern-compare -mcpu=v11.0 -mno-xl-soft-mul -Wl,--no-relax -Wl,--gc-sections -o "Microblaze_GPIO_Interrupt_example.elf"  ./src/Microblaze_GPIO_Interrupt_Example.o ./src/platform.o   -Wl,--start-group,-lxil,-lgcc,-lc,--end-group
'Finished building target: Microblaze_GPIO_Interrupt_example.elf'
' '
'Invoking: MicroBlaze Print Size'
mb-size Microblaze_GPIO_Interrupt_example.elf  |tee "Microblaze_GPIO_Interrupt_example.elf.size"
   text	   data	    bss	    dec	    hex	filename
  15612	    364	   3328	  19304	   4b68	Microblaze_GPIO_Interrupt_example.elf
'Finished building: Microblaze_GPIO_Interrupt_example.elf.size'
' '

21:43:24 Build Finished (took 1s.133ms)

